[goalz-template.framer.website/index.html]
[backblue.gif]
[fade.gif]
[index.html]
[framerusercontent.com/images/FVXnx1MyypEnHWfcaBaxa82mVyE.png]
[framerusercontent.com/images/eO5OYl1Qgu8NbRgrLcpWszV1I.png]
[framerusercontent.com/images/LY822SzND38Nbdb1kwazvsDJuuc.png]
[goalz-template.framer.website/about-us.html]
[goalz-template.framer.website/programs.html]
[goalz-template.framer.website/team.html]
[goalz-template.framer.website/contact-us.html]
[framerusercontent.com/images/KtjuG7yx533JoFQZtxBo4WkJdg90ee.png]
[framerusercontent.com/images/JTP1mpqMm8vZFaojxLCWMxRl4ZUfa56.png]
[goalz-template.framer.website/register.html]
[framerusercontent.com/images/BRURdPk6opNMOGJ9C5nBbhk59k875d1.png]
[framerusercontent.com/images/SjOa29HhKYQsao9Q8Z0BNCSlGos7657.png]
[framerusercontent.com/images/8hoSXWYKbogOvxsFQ1wK6ABTU4bd31.png]
[framerusercontent.com/images/U89IWm1vgQK6XyRKZGhaHdkPUo4262.png]
[framerusercontent.com/images/MuMXBCqV225kClRHE1ytmTqxo0f35.jpg]
[goalz-template.framer.website/programs/goalkeeper-academy.html]
[framerusercontent.com/images/3XxGAsPfw8ewbaIBdAUqXhO0MAfa56.png]
[framerusercontent.com/images/WhInXTVeOxHjtBoaXjEKzBJQ554d.png]
[goalz-template.framer.website/faq.html]
[goalz-template.framer.website/gallery.html]
[goalz-template.framer.website/coaches.html]
[goalz-template.framer.website/index.html]
[goalz-template.framer.website/events.html]
[framerusercontent.com/images/ORXqDSWbbb9wmRT4vraKtsN6Rrgfd90.jpg]
[framerusercontent.com/images/Ss1GauvsBBmN8xmgKypuDJsz5KE75d1.png]
[goalz-template.framer.website/coaches/marco-velasquez.html]
[framerusercontent.com/images/4sajKScGAuZAJZ8S92gpVJLr2k480f.png]
[goalz-template.framer.website/coaches/samira-holt.html]
[framerusercontent.com/images/j0QOnugBGDkE4sqCPZWxmDRlMSg480f.png]
[goalz-template.framer.website/coaches/theo-markovic.html]
[framerusercontent.com/images/MizBMR5qD0g2QJzazrgwNo1dss480f.png]
[goalz-template.framer.website/coaches/lena-duarte.html]
[framerusercontent.com/images/JK5rEMLemrghKDrs6Oa9syfKJg480f.png]
[goalz-template.framer.website/coaches/aaron-rossi.html]
[framerusercontent.com/images/8uVpHXpBc0FwqlEM2VxQMu0ZrQ480f.png]
[goalz-template.framer.website/coaches/maya-kessler.html]
[framerusercontent.com/images/5X5QNj5Y3eXc8AnL48yzd5F2s480f.png]
[framerusercontent.com/images/4sajKScGAuZAJZ8S92gpVJLr2kf273.png]
[framerusercontent.com/images/j0QOnugBGDkE4sqCPZWxmDRlMSg583b.png]
[framerusercontent.com/images/MizBMR5qD0g2QJzazrgwNo1dssf8e7.png]
[framerusercontent.com/images/JK5rEMLemrghKDrs6Oa9syfKJg6edb.png]
[framerusercontent.com/images/8uVpHXpBc0FwqlEM2VxQMu0ZrQc6e7.png]
[framerusercontent.com/images/5X5QNj5Y3eXc8AnL48yzd5F2sa7f3.png]
[goalz-template.framer.website/about-us.html]
[framerusercontent.com/images/fPGItk8eC6zucK1fwisgb9x0nTQdb41.jpg]
[framerusercontent.com/images/B4wII3TVIAQ199vQivgjJz6NzAkc515.png]
[goalz-template.framer.website/programs/group-trainings.html]
[framerusercontent.com/images/VtqvBltBhIolpd0Lqw1t6hHU054d03f.jpg]
[goalz-template.framer.website/programs/personal-trainings.html]
[goalz-template.framer.website/programs/player-camps-events.html]
[goalz-template.framer.website/programs/tactical-intelligence.html]
[framerusercontent.com/images/yvzsdkPZ057sK828xjSHirDds3cd9.jpg]
[goalz-template.framer.website/programs/player-performance.html]
[framerusercontent.com/images/S3scChY0xMzLS5d0BwLNlnbES5gdb24.jpg]
[framerusercontent.com/images/B4wII3TVIAQ199vQivgjJz6NzAkce95.png]
[framerusercontent.com/images/VtqvBltBhIolpd0Lqw1t6hHU0548594.jpg]
[framerusercontent.com/images/SjOa29HhKYQsao9Q8Z0BNCSlGosac62.png]
[framerusercontent.com/images/BRURdPk6opNMOGJ9C5nBbhk59k8f639.png]
[framerusercontent.com/images/yvzsdkPZ057sK828xjSHirDds0f5b.jpg]
[framerusercontent.com/images/S3scChY0xMzLS5d0BwLNlnbES5g4ab1.jpg]
[goalz-template.framer.website/programs.html]
[framerusercontent.com/images/GATRUeVk3g5oeIZ9cqfJ1ew39Ma150.jpg]
[goalz-template.framer.website/team/luca-carver.html]
[framerusercontent.com/images/9P6WjUlZzeVGViMALMUv9kBDsg480f.png]
[goalz-template.framer.website/team/zara-hoffman.html]
[framerusercontent.com/images/01BfkHr3gpc6Hx4KaQmdOAfzEMg480f.png]
[goalz-template.framer.website/team/lucas-bennett.html]
[framerusercontent.com/images/rRxoZdlBSwp4yAd47wxWkxpI7s480f.png]
[goalz-template.framer.website/team/caleb-turner.html]
[framerusercontent.com/images/7krm8ex97ImQRE2qpsrNHhHGA0480f.png]
[goalz-template.framer.website/team/david-wilson.html]
[framerusercontent.com/images/OGtOMTsrfmphGxS9js9Hro785Qc480f.png]
[goalz-template.framer.website/team/emily-davis.html]
[framerusercontent.com/images/NJLB5NgRBfBsEOYYeh8uGLEI480f.png]
[framerusercontent.com/images/9P6WjUlZzeVGViMALMUv9kBDsga201.png]
[framerusercontent.com/images/01BfkHr3gpc6Hx4KaQmdOAfzEMge21b.png]
[framerusercontent.com/images/rRxoZdlBSwp4yAd47wxWkxpI7s956c.png]
[framerusercontent.com/images/7krm8ex97ImQRE2qpsrNHhHGA0e20c.png]
[framerusercontent.com/images/OGtOMTsrfmphGxS9js9Hro785Qcc8de.png]
[framerusercontent.com/images/NJLB5NgRBfBsEOYYeh8uGLEI967b.png]
[goalz-template.framer.website/team.html]
[framerusercontent.com/images/GVRdscacIm2hQ6DuL34TKcOYFIEc500.png]
[goalz-template.framer.website/contact-us.html]
[framerusercontent.com/images/8frELYmTLnyOmTFdKLZCoUgR7w0035.png]
[goalz-template.framer.website/register.html]
[framerusercontent.com/images/GjbwHc99doP35RUBEe0le5LD2gb04d.jpg]
[framerusercontent.com/images/GjbwHc99doP35RUBEe0le5LD2gfa86.jpg]
[goalz-template.framer.website/programs/goalkeeper-academy.html]
[framerusercontent.com/images/ehL0QG4EPsejgUZUtzzovB0cMDYa150.jpg]
[goalz-template.framer.website/faq.html]
[framerusercontent.com/images/8luXmtI1JhoLnzTuEu1eAoLnw9847.jpg]
[framerusercontent.com/images/ZJJ3HpDvW9i83aZYV33MRS1EiQ98cd.jpg]
[framerusercontent.com/images/KgVBy7PZZzwNmFGmh8hRDE19bw6b89.jpg]
[framerusercontent.com/images/DnAKD7tTUY57WFuZIwBRdqilQwad48.jpg]
[framerusercontent.com/images/TI6399FhR52h5an3SQGinHx3pob04d.jpg]
[framerusercontent.com/images/sYtHGgtkYLFjWegCeRnxbweWY54c904.jpg]
[framerusercontent.com/images/ewqiBNe8xgB98rjoAx89F9mKNhE80c1.jpg]
[framerusercontent.com/images/tCEa70xRU8XZOmzi6wrS4HEKlob04d.jpg]
[goalz-template.framer.website/gallery.html]
[framerusercontent.com/images/7suXESK2S61tz4m790NmhBp77mA233d.jpg]
[framerusercontent.com/images/shlreMNz2SqsxXUlpVDWJPCRAdf7a.png]
[goalz-template.framer.website/coaches.html]
[framerusercontent.com/images/fCM7nnXJThurxp0Kd4jZHEV7GQwee45.jpg]
[goalz-template.framer.website/events/velocity-cup.html]
[framerusercontent.com/images/VevQl4dsTjdpbAyo66Xfe3lQQee45.jpg]
[goalz-template.framer.website/events/continental-youth-cup.html]
[framerusercontent.com/images/akxnC2CQFDOCrh4H7cTq5xUuhUee45.jpg]
[goalz-template.framer.website/events/academy-masters-cup.html]
[framerusercontent.com/images/ROgfhkFZcZKubF1kkEb2E21cBJ0ee45.jpg]
[goalz-template.framer.website/events/future-pros-invitational.html]
[framerusercontent.com/images/bBmtqcRkdSrVhY26Fv6LXeTh4cee45.jpg]
[goalz-template.framer.website/events/champions-league.html]
[framerusercontent.com/images/UMx6lXoSzGvXVwuFzGTBx26Esis66ef.jpg]
[framerusercontent.com/images/TvOPR9Drfff96KVztAFANYAEqR4ee45.jpg]
[goalz-template.framer.website/events/elite-rising-stars-cup.html]
[framerusercontent.com/images/VevQl4dsTjdpbAyo66Xfe3lQQ4aa3.jpg]
[framerusercontent.com/images/akxnC2CQFDOCrh4H7cTq5xUuhUb015.jpg]
[framerusercontent.com/images/ROgfhkFZcZKubF1kkEb2E21cBJ0631e.jpg]
[framerusercontent.com/images/bBmtqcRkdSrVhY26Fv6LXeTh4c1197.jpg]
[framerusercontent.com/images/UMx6lXoSzGvXVwuFzGTBx26Esis0b7b.jpg]
[framerusercontent.com/images/TvOPR9Drfff96KVztAFANYAEqR41267.jpg]
[goalz-template.framer.website/events.html]
[goalz-template.framer.website/coaches/marco-velasquez.html]
[goalz-template.framer.website/coaches/samira-holt.html]
[goalz-template.framer.website/coaches/theo-markovic.html]
[goalz-template.framer.website/coaches/lena-duarte.html]
[goalz-template.framer.website/coaches/aaron-rossi.html]
[goalz-template.framer.website/coaches/maya-kessler.html]
[framerusercontent.com/images/sYtHGgtkYLFjWegCeRnxbweWY5425a4.jpg]
[goalz-template.framer.website/programs/group-trainings.html]
[framerusercontent.com/images/sDRQKUAKkmtI6PTacR8KLlkHD8E6b89.jpg]
[framerusercontent.com/images/sDRQKUAKkmtI6PTacR8KLlkHD8E4ac8.jpg]
[goalz-template.framer.website/programs/personal-trainings.html]
[framerusercontent.com/images/ewqiBNe8xgB98rjoAx89F9mKNhE4540.jpg]
[goalz-template.framer.website/programs/player-camps-events.html]
[framerusercontent.com/images/cJ5xi9y0t50Pxv9jIYQe5vJueE9d37.jpg]
[framerusercontent.com/images/cJ5xi9y0t50Pxv9jIYQe5vJueEb17d.jpg]
[goalz-template.framer.website/programs/tactical-intelligence.html]
[framerusercontent.com/images/7YwNYlwnCchhW29QRvE81kl0Mb5f9.jpg]
[framerusercontent.com/images/7YwNYlwnCchhW29QRvE81kl0M6f92.jpg]
[goalz-template.framer.website/programs/player-performance.html]
[goalz-template.framer.website/team/luca-carver.html]
[goalz-template.framer.website/team/zara-hoffman.html]
[goalz-template.framer.website/team/lucas-bennett.html]
[goalz-template.framer.website/team/caleb-turner.html]
[goalz-template.framer.website/team/david-wilson.html]
[goalz-template.framer.website/team/emily-davis.html]
[goalz-template.framer.website/events/velocity-cup.html]
[goalz-template.framer.website/events/continental-youth-cup.html]
[goalz-template.framer.website/events/academy-masters-cup.html]
[goalz-template.framer.website/events/future-pros-invitational.html]
[goalz-template.framer.website/events/champions-league.html]
[goalz-template.framer.website/events/elite-rising-stars-cup.html]
